// Jest Snapshot v1, https://goo.gl/fbAQLP

exports[`renders correctly with props, {} 1`] = `
Object {
  "component": <h2
    className="a"
  />,
  "styles": "
    .a{position:relative}",
}
`;
