// Jest Snapshot v1, https://goo.gl/fbAQLP

exports[`renders correctly with props, {} 1`] = `
Object {
  "component": <span
    className="xe296pg"
  />,
  "styles": "
    .xe296pg{position:relative}",
}
`;
